[2026-08-23 04:34:03] [prices] ok - 1 items
[2026-08-23 04:34:03] [updates] no new updates (1 tracked)
[2026-08-23 04:35:04] [prices] ok - 1 items
[2026-08-23 04:35:04] [updates] no new updates (1 tracked)
[2026-08-23 04:35:30] [prices] ok - 1 items
[2026-08-23 04:35:30] [updates] no new updates (1 tracked)
[2026-08-23 04:35:54] [prices] ok - 1 items
[2026-08-23 04:35:54] [updates] no new updates (1 tracked)
[2026-08-23 04:36:01] [prices] ok - 4501 items
[2026-08-23 04:36:02] [updates] NEW since last run:
[2026-08-23 04:36:02]           - Werewolf (race)
[2026-08-23 04:36:02]           - Castaway
[2026-08-23 04:36:02]           - Ring of Charos
[2026-08-23 04:36:02]           - Werewolf (Werewolf Agility Course)
[2026-08-23 04:36:02]           - Werewolf (Werewolf Agility Course)
[2026-08-23 04:41:18] [prices] ok - 1 items
[2026-08-23 04:41:18] [updates] NEW since last run:
[2026-08-23 04:41:18]           - Update: Test Patch
[2026-08-23 04:45:55] [prices] ok - 1 items
[2026-08-23 04:45:55] [updates] no new updates (1 tracked)
[2026-08-23 04:46:29] [prices] ok - 1 items
[2026-08-23 04:46:29] [updates] no new updates (1 tracked)
[2026-08-23 04:49:45] [prices] ok - 1 items
[2026-08-23 04:49:45] [updates] no new updates (1 tracked)
[2026-08-23 04:53:27] [prices] ok - 1 items
[2026-08-23 04:53:27] [updates] no new updates (1 tracked)
[2026-08-23 04:53:40] [prices] ok - 1 items
[2026-08-23 04:53:40] [updates] no new updates (1 tracked)
[2026-08-23 05:00:39] [prices] ok - 1 items
[2026-08-23 05:00:39] [updates] no new updates (1 tracked)
[2026-08-23 05:05:56] [prices] ok - 4501 items
[2026-08-23 05:05:56] [updates] NEW since last run:
[2026-08-23 05:05:56]           - TzHaar-Mej
[2026-08-23 05:05:56]           - TzHaar-Ket
[2026-08-23 05:05:56]           - Entling
[2026-08-23 05:05:56]           - Derwen
[2026-08-23 05:05:56]           - Ent (Vale Totems)
[2026-08-23 05:07:53] [prices] ok - 1 items
[2026-08-23 05:07:53] [updates] NEW since last run:
[2026-08-23 05:07:53]           - Update: Test Patch
[2026-08-23 05:09:00] [prices] ok - 1 items
[2026-08-23 05:09:00] [updates] NEW since last run:
[2026-08-23 05:09:00]           - Update: Test Patch
[2026-08-23 05:09:38] [prices] ok - 1 items
[2026-08-23 05:09:38] [updates] NEW since last run:
[2026-08-23 05:09:38]           - Update: Test Patch
[2026-08-23 05:10:00] [prices] ok - 1 items
[2026-08-23 05:10:00] [updates] NEW since last run:
[2026-08-23 05:10:00]           - Update: Test Patch
[2026-08-23 05:10:23] [prices] ok - 1 items
[2026-08-23 05:10:23] [updates] NEW since last run:
[2026-08-23 05:10:23]           - Update: Test Patch
[2026-08-23 05:10:54] [prices] ok - 1 items
[2026-08-23 05:10:54] [updates] no new updates (0 tracked)
[2026-08-23 05:11:23] [prices] ok - 1 items
[2026-08-23 05:11:23] [updates] no new updates (0 tracked)
[2026-08-23 05:12:06] [prices] ok - 1 items
[2026-08-23 05:12:06] [updates] NEW since last run:
[2026-08-23 05:12:06]           - Update: Test Patch
[2026-08-23 05:12:20] [prices] ok - 1 items
[2026-08-23 05:12:20] [updates] NEW since last run:
[2026-08-23 05:12:20]           - Update: Test Patch
[2026-08-23 05:13:04] [prices] ok - 1 items
[2026-08-23 05:13:04] [updates] NEW since last run:
[2026-08-23 05:13:04]           - Update: Test Patch
[2026-08-23 05:13:19] [prices] ok - 1 items
[2026-08-23 05:13:19] [updates] NEW since last run:
[2026-08-23 05:13:19]           - Update: Test Patch
[2026-08-23 05:17:27] [prices] ok - 1 items
[2026-08-23 05:17:27] [updates] NEW since last run:
[2026-08-23 05:17:27]           - Update: Test Patch
[2026-08-23 05:29:38] [prices] ok - 1 items
[2026-08-23 05:29:38] [updates] NEW since last run:
[2026-08-23 05:29:38]           - Update: Test Patch
[2026-08-23 05:43:09] [prices] ok - 1 items
[2026-08-23 05:43:09] [updates] NEW since last run:
[2026-08-23 05:43:09]           - Update: Test Patch
[2026-08-23 05:44:02] [prices] ok - 1 items
[2026-08-23 05:44:02] [updates] NEW since last run:
[2026-08-23 05:44:02]           - Update: Test Patch
